<html>
<body>
<pre>
<h1>µVision Build Log</h1>
<h2>Tool Versions:</h2>
IDE-Version: µVision V5.22.0.0
Copyright (C) 2016 ARM Ltd and ARM Germany GmbH. All rights reserved.
License Information: VAsya Pupkin, Home, LIC=P6FX7-ETI1V-49SG2-9L7JY-U9XMC-JTGJI
 
Tool Versions:
Toolchain:       MDK-ARM Professional  Version: 5.22
Toolchain Path:  C:\Keil_v5\ARM\ARMCC\Bin
C Compiler:      Armcc.exe V5.06 update 4 (build 422)
Assembler:       Armasm.exe V5.06 update 4 (build 422)
Linker/Locator:  ArmLink.exe V5.06 update 4 (build 422)
Library Manager: ArmAr.exe V5.06 update 4 (build 422)
Hex Converter:   FromElf.exe V5.06 update 4 (build 422)
CPU DLL:         SARMCM3.DLL V5.22
Dialog DLL:      DCM.DLL V1.13.9.0
Target DLL:      UL2CM3.DLL V1.159.0.0
Dialog DLL:      TCM.DLL V1.21.0.0
 
<h2>Project:</h2>
D:\YandexDisk\Work\Microcontrolers\1986ÂÅ8\cm_mbkap\1986ve8_proj.uvproj
Project File Date:  09/13/2019

<h2>Output:</h2>
*** Using Compiler 'V5.06 update 4 (build 422)', folder: 'C:\Keil_v5\ARM\ARMCC\Bin'
Build target 'Target (ExtMEM Rls)'
compiling adc.c...
compiling eerom.c...
Sources\eerom.c(9): warning:  #186-D: pointless comparison of unsigned integer with zero
  		if ((address >= 0) && (address < MEM1_FRAME_SIZE)){
Sources\eerom.c(29): warning:  #186-D: pointless comparison of unsigned integer with zero
  		if ((address >= 0) && (address < MEM1_FRAME_SIZE)){
Sources\eerom.c: 2 warnings, 0 errors
compiling wdt.c...
compiling sysinit.c...
compiling main.c...
compiling mko.c...
compiling uarts.c...
compiling timers.c...
compiling crc16.c...
compiling gpio.c...
Sources\gpio.c(19): warning:  #61-D: integer operation result is out of range
  			if(on) 
ORTB->CRXTX = 
MKO_SHIFT;
Sources\gpio.c(19): warning:  #68-D: integer conversion resulted in a change of sign
  			if(on) 
ORTB->CRXTX = 
MKO_SHIFT;
Sources\gpio.c(20): warning:  #61-D: integer operation result is out of range
  			else   
ORTB->SRXTX = 
MKO_SHIFT;
Sources\gpio.c(20): warning:  #68-D: integer conversion resulted in a change of sign
  			else   
ORTB->SRXTX = 
MKO_SHIFT;
Sources\gpio.c: 4 warnings, 0 errors
compiling power_management.c...
compiling stm.c...
compiling mpp.c...
compiling mbkap.c...
assembling startup_MDR1986VE8T.s...
compiling dir.c...
linking...
Program Size: Code=19454 RO-data=1238 RW-data=552 ZI-data=4864  
FromELF: creating hex file...
".\Objs\1986ve8_proj.axf" - 0 Error(s), 6 Warning(s).
Build Time Elapsed:  00:00:02
</pre>
</body>
</html>
